[debug] [2026-06-12T11:31:11.236Z] ----------------------------------------------------------------------
[debug] [2026-06-12T11:31:11.239Z] Command:       C:\Program Files\nodejs\node.exe C:\Users\Rai\AppData\Roaming\npm\node_modules\firebase-tools\lib\bin\firebase.js init
[debug] [2026-06-12T11:31:11.239Z] CLI Version:   15.20.0
[debug] [2026-06-12T11:31:11.239Z] Platform:      win32
[debug] [2026-06-12T11:31:11.240Z] Node Version:  v22.19.0
[debug] [2026-06-12T11:31:11.240Z] Time:          Fri Jun 12 2026 19:31:11 GMT+0800 (Philippine Standard Time)
[debug] [2026-06-12T11:31:11.240Z] ----------------------------------------------------------------------
[debug] 
[info] 
     ######## #### ########  ######## ########     ###     ######  ########
     ##        ##  ##     ## ##       ##     ##  ##   ##  ##       ##
     ######    ##  ########  ######   ########  #########  ######  ######
     ##        ##  ##    ##  ##       ##     ## ##     ##       ## ##
     ##       #### ##     ## ######## ########  ##     ##  ######  ########

You're about to initialize a Firebase project in this directory:

  D:\GitHub\portfolio_web

Before we get started, keep in mind:

  * You are initializing within an existing Firebase project directory

[info] 
=== Project Setup
[info] 
[info] First, let's associate this project directory with a Firebase project.
[info] You can create multiple project aliases by running firebase use --add, 
[info] 
[debug] [2026-06-12T11:32:00.214Z] > command requires scopes: ["email","openid","https://www.googleapis.com/auth/cloudplatformprojects.readonly","https://www.googleapis.com/auth/firebase","https://www.googleapis.com/auth/cloud-platform"]
[debug] [2026-06-12T11:32:00.214Z] > authorizing via signed-in user (raileymitchellcapitis@gmail.com)
[debug] [2026-06-12T11:32:00.215Z] Checked if tokens are valid: false, expires at: 1781260624003
[debug] [2026-06-12T11:32:00.215Z] Checked if tokens are valid: false, expires at: 1781260624003
[debug] [2026-06-12T11:32:00.216Z] > refreshing access token with scopes: []
[debug] [2026-06-12T11:32:00.218Z] >>> [apiv2][query] POST https://www.googleapis.com/oauth2/v3/token [none]
[debug] [2026-06-12T11:32:00.218Z] >>> [apiv2][body] POST https://www.googleapis.com/oauth2/v3/token [omitted]
[debug] [2026-06-12T11:32:00.405Z] <<< [apiv2][status] POST https://www.googleapis.com/oauth2/v3/token 200
[debug] [2026-06-12T11:32:00.405Z] <<< [apiv2][body] POST https://www.googleapis.com/oauth2/v3/token [omitted]
[debug] [2026-06-12T11:32:00.415Z] >>> [apiv2][query] GET https://firebase.googleapis.com/v1beta1/projects/your-firebase-project-id [none]
[debug] [2026-06-12T11:32:00.861Z] <<< [apiv2][status] GET https://firebase.googleapis.com/v1beta1/projects/your-firebase-project-id 403
[debug] [2026-06-12T11:32:00.861Z] <<< [apiv2][body] GET https://firebase.googleapis.com/v1beta1/projects/your-firebase-project-id {"error":{"code":403,"message":"The caller does not have permission","status":"PERMISSION_DENIED"}}
[debug] [2026-06-12T11:32:00.862Z] Request to https://firebase.googleapis.com/v1beta1/projects/your-firebase-project-id had HTTP Error: 403, The caller does not have permission
[debug] [2026-06-12T11:32:00.960Z] FirebaseError: Request to https://firebase.googleapis.com/v1beta1/projects/your-firebase-project-id had HTTP Error: 403, The caller does not have permission
    at responseToError (C:\Users\Rai\AppData\Roaming\npm\node_modules\firebase-tools\lib\responseToError.js:53:12)
    at RetryOperation._fn (C:\Users\Rai\AppData\Roaming\npm\node_modules\firebase-tools\lib\apiv2.js:333:77)
    at process.processTicksAndRejections (node:internal/process/task_queues:105:5)
[error] 
[error] Error: Failed to get Firebase project your-firebase-project-id. Please make sure the project exists and your account has permission to access it.
